------------------------------------------------------------
TimeQuest Timing Analyzer Summary
------------------------------------------------------------

Type  : Slow 1200mV 85C Model Setup 'CLK'
Slack : -2.188
TNS   : -213.557

Type  : Slow 1200mV 85C Model Setup 'Maq_estados:Maq_estados_inst|current_state.inicio'
Slack : -0.712
TNS   : -0.713

Type  : Slow 1200mV 85C Model Setup 'FRONT_SENSOR_PEAJE'
Slack : -0.086
TNS   : -0.278

Type  : Slow 1200mV 85C Model Setup 'BACK_SENSOR_PEAJE'
Slack : -0.073
TNS   : -0.234

Type  : Slow 1200mV 85C Model Hold 'CLK'
Slack : -0.238
TNS   : -3.383

Type  : Slow 1200mV 85C Model Hold 'Maq_estados:Maq_estados_inst|current_state.inicio'
Slack : 0.005
TNS   : 0.000

Type  : Slow 1200mV 85C Model Hold 'BACK_SENSOR_PEAJE'
Slack : 0.358
TNS   : 0.000

Type  : Slow 1200mV 85C Model Hold 'FRONT_SENSOR_PEAJE'
Slack : 0.359
TNS   : 0.000

Type  : Slow 1200mV 85C Model Minimum Pulse Width 'CLK'
Slack : -3.000
TNS   : -153.000

Type  : Slow 1200mV 85C Model Minimum Pulse Width 'BACK_SENSOR_PEAJE'
Slack : -3.000
TNS   : -7.000

Type  : Slow 1200mV 85C Model Minimum Pulse Width 'FRONT_SENSOR_PEAJE'
Slack : -3.000
TNS   : -7.000

Type  : Slow 1200mV 85C Model Minimum Pulse Width 'Maq_estados:Maq_estados_inst|current_state.inicio'
Slack : 0.345
TNS   : 0.000

Type  : Slow 1200mV 0C Model Setup 'CLK'
Slack : -1.788
TNS   : -175.148

Type  : Slow 1200mV 0C Model Setup 'Maq_estados:Maq_estados_inst|current_state.inicio'
Slack : -0.525
TNS   : -0.525

Type  : Slow 1200mV 0C Model Setup 'FRONT_SENSOR_PEAJE'
Slack : 0.036
TNS   : 0.000

Type  : Slow 1200mV 0C Model Setup 'BACK_SENSOR_PEAJE'
Slack : 0.048
TNS   : 0.000

Type  : Slow 1200mV 0C Model Hold 'CLK'
Slack : -0.219
TNS   : -2.600

Type  : Slow 1200mV 0C Model Hold 'Maq_estados:Maq_estados_inst|current_state.inicio'
Slack : 0.057
TNS   : 0.000

Type  : Slow 1200mV 0C Model Hold 'FRONT_SENSOR_PEAJE'
Slack : 0.312
TNS   : 0.000

Type  : Slow 1200mV 0C Model Hold 'BACK_SENSOR_PEAJE'
Slack : 0.313
TNS   : 0.000

Type  : Slow 1200mV 0C Model Minimum Pulse Width 'CLK'
Slack : -3.000
TNS   : -153.000

Type  : Slow 1200mV 0C Model Minimum Pulse Width 'BACK_SENSOR_PEAJE'
Slack : -3.000
TNS   : -7.000

Type  : Slow 1200mV 0C Model Minimum Pulse Width 'FRONT_SENSOR_PEAJE'
Slack : -3.000
TNS   : -7.000

Type  : Slow 1200mV 0C Model Minimum Pulse Width 'Maq_estados:Maq_estados_inst|current_state.inicio'
Slack : 0.419
TNS   : 0.000

Type  : Fast 1200mV 0C Model Setup 'CLK'
Slack : -0.829
TNS   : -57.262

Type  : Fast 1200mV 0C Model Setup 'Maq_estados:Maq_estados_inst|current_state.inicio'
Slack : 0.007
TNS   : 0.000

Type  : Fast 1200mV 0C Model Setup 'FRONT_SENSOR_PEAJE'
Slack : 0.389
TNS   : 0.000

Type  : Fast 1200mV 0C Model Setup 'BACK_SENSOR_PEAJE'
Slack : 0.400
TNS   : 0.000

Type  : Fast 1200mV 0C Model Hold 'CLK'
Slack : -0.162
TNS   : -3.615

Type  : Fast 1200mV 0C Model Hold 'Maq_estados:Maq_estados_inst|current_state.inicio'
Slack : -0.055
TNS   : -0.103

Type  : Fast 1200mV 0C Model Hold 'FRONT_SENSOR_PEAJE'
Slack : 0.187
TNS   : 0.000

Type  : Fast 1200mV 0C Model Hold 'BACK_SENSOR_PEAJE'
Slack : 0.188
TNS   : 0.000

Type  : Fast 1200mV 0C Model Minimum Pulse Width 'CLK'
Slack : -3.000
TNS   : -162.310

Type  : Fast 1200mV 0C Model Minimum Pulse Width 'FRONT_SENSOR_PEAJE'
Slack : -3.000
TNS   : -7.228

Type  : Fast 1200mV 0C Model Minimum Pulse Width 'BACK_SENSOR_PEAJE'
Slack : -3.000
TNS   : -7.224

Type  : Fast 1200mV 0C Model Minimum Pulse Width 'Maq_estados:Maq_estados_inst|current_state.inicio'
Slack : 0.313
TNS   : 0.000

------------------------------------------------------------
