------------------------------------------------------------
TimeQuest Timing Analyzer Summary
------------------------------------------------------------

Type  : Slow 1200mV 85C Model Setup 'CLK'
Slack : -2.052
TNS   : -123.819

Type  : Slow 1200mV 85C Model Setup 'BACK_SENSOR_PEAJE'
Slack : -0.083
TNS   : -0.275

Type  : Slow 1200mV 85C Model Setup 'FRONT_SENSOR_PEAJE'
Slack : -0.076
TNS   : -0.271

Type  : Slow 1200mV 85C Model Hold 'CLK'
Slack : 0.347
TNS   : 0.000

Type  : Slow 1200mV 85C Model Hold 'BACK_SENSOR_PEAJE'
Slack : 0.359
TNS   : 0.000

Type  : Slow 1200mV 85C Model Hold 'FRONT_SENSOR_PEAJE'
Slack : 0.359
TNS   : 0.000

Type  : Slow 1200mV 85C Model Minimum Pulse Width 'CLK'
Slack : -3.000
TNS   : -87.000

Type  : Slow 1200mV 85C Model Minimum Pulse Width 'BACK_SENSOR_PEAJE'
Slack : -3.000
TNS   : -7.000

Type  : Slow 1200mV 85C Model Minimum Pulse Width 'FRONT_SENSOR_PEAJE'
Slack : -3.000
TNS   : -7.000

Type  : Slow 1200mV 0C Model Setup 'CLK'
Slack : -1.744
TNS   : -104.275

Type  : Slow 1200mV 0C Model Setup 'BACK_SENSOR_PEAJE'
Slack : 0.039
TNS   : 0.000

Type  : Slow 1200mV 0C Model Setup 'FRONT_SENSOR_PEAJE'
Slack : 0.042
TNS   : 0.000

Type  : Slow 1200mV 0C Model Hold 'CLK'
Slack : 0.307
TNS   : 0.000

Type  : Slow 1200mV 0C Model Hold 'BACK_SENSOR_PEAJE'
Slack : 0.312
TNS   : 0.000

Type  : Slow 1200mV 0C Model Hold 'FRONT_SENSOR_PEAJE'
Slack : 0.313
TNS   : 0.000

Type  : Slow 1200mV 0C Model Minimum Pulse Width 'CLK'
Slack : -3.000
TNS   : -87.000

Type  : Slow 1200mV 0C Model Minimum Pulse Width 'BACK_SENSOR_PEAJE'
Slack : -3.000
TNS   : -7.000

Type  : Slow 1200mV 0C Model Minimum Pulse Width 'FRONT_SENSOR_PEAJE'
Slack : -3.000
TNS   : -7.000

Type  : Fast 1200mV 0C Model Setup 'CLK'
Slack : -0.738
TNS   : -32.951

Type  : Fast 1200mV 0C Model Setup 'BACK_SENSOR_PEAJE'
Slack : 0.393
TNS   : 0.000

Type  : Fast 1200mV 0C Model Setup 'FRONT_SENSOR_PEAJE'
Slack : 0.400
TNS   : 0.000

Type  : Fast 1200mV 0C Model Hold 'BACK_SENSOR_PEAJE'
Slack : 0.187
TNS   : 0.000

Type  : Fast 1200mV 0C Model Hold 'CLK'
Slack : 0.187
TNS   : 0.000

Type  : Fast 1200mV 0C Model Hold 'FRONT_SENSOR_PEAJE'
Slack : 0.188
TNS   : 0.000

Type  : Fast 1200mV 0C Model Minimum Pulse Width 'CLK'
Slack : -3.000
TNS   : -92.671

Type  : Fast 1200mV 0C Model Minimum Pulse Width 'FRONT_SENSOR_PEAJE'
Slack : -3.000
TNS   : -7.228

Type  : Fast 1200mV 0C Model Minimum Pulse Width 'BACK_SENSOR_PEAJE'
Slack : -3.000
TNS   : -7.224

------------------------------------------------------------
